I'm sorry, but errors were detected in your script. Please correct the
errors listed below, and try again.


The label start is defined twice, at File "game/examples/script.rpy", line 83:
label start:
and File "game/script.rpy", line 11:
label start:


Ren'Py Version: Ren'Py 7.4.11.2266
Thu Jun  8 19:37:58 2023
